// Jest Snapshot v1, https://goo.gl/fbAQLP

exports[`Welcome component renders correctly 1`] = `
<div>
  <h1>
    Welcome!
  </h1>
  <p>
    This is a simple to-do app made with React for demo and learning purposes.
  </p>
  <p>
    Check out the repo on 
    <a
      href="https://github.com/erkkapynnonen/react-todo-app"
      target="_blank"
    >
      GitHub
    </a>
    .
  </p>
  <p>
    You can use the demo account demo/demo for login as well as you Google/FB account via Oauth, provided by Auth0.
  </p>
</div>
`;
